Below is the output of initial commands of GITvivallur@GitPracticeMach MINGW64 ~
$ pwd
/c/Users/vivallur

vivallur@GitPracticeMach MINGW64 ~
$ cd "F:\GIT Practice Labs\TestRepo"

vivallur@GitPracticeMach MINGW64 /f/GIT Practice Labs/TestRepo
$ pwd
/f/GIT Practice Labs/TestRepo

vivallur@GitPracticeMach MINGW64 /f/GIT Practice Labs/TestRepo
$ git version
git version 2.38.0.windows.1

vivallur@GitPracticeMach MINGW64 /f/GIT Practice Labs/TestRepo
$ git config --global user.name "Vinodkumar Vallur"

vivallur@GitPracticeMach MINGW64 /f/GIT Practice Labs/TestRepo
$ git config --global user.email "vinodkumar.vallur2019@gmail.com"

vivallur@GitPracticeMach MINGW64 /f/GIT Practice Labs/TestRepo
$ git config --global --list
user.name=Vinodkumar Vallur
user.email=vinodkumar.vallur2019@gmail.com

vivallur@GitPracticeMach MINGW64 /f/GIT Practice Labs/TestRepo
$ git clone https://github.com/Vinodkumar-Vallur/GithubDemoRepo.git
Cloning into 'GithubDemoRepo'...
remote: Enumerating objects: 3, done.
remote: Counting objects: 100% (3/3), done.
remote: Compressing objects: 100% (2/2), done.
remote: Total 3 (delta 0), reused 0 (delta 0), pack-reused 0
Receiving objects: 100% (3/3), done.

vivallur@GitPracticeMach MINGW64 /f/GIT Practice Labs/TestRepo
$ ls
GithubDemoRepo/

vivallur@GitPracticeMach MINGW64 /f/GIT Practice Labs/TestRepo
$ cd GithubDemoRepo/

vivallur@GitPracticeMach MINGW64 /f/GIT Practice Labs/TestRepo/GithubDemoRepo (main)
$ ls
README.md

vivallur@GitPracticeMach MINGW64 /f/GIT Practice Labs/TestRepo/GithubDemoRepo (main)
$ git status
On branch main
Your branch is up to date with 'origin/main'.

nothing to commit, working tree clean

vivallur@GitPracticeMach MINGW64 /f/GIT Practice Labs/TestRepo/GithubDemoRepo (main)
$ echo "Test GIT quicks tart demo" >> start.txt

vivallur@GitPracticeMach MINGW64 /f/GIT Practice Labs/TestRepo/GithubDemoRepo (main)
$ ls
README.md  start.txt

vivallur@GitPracticeMach MINGW64 /f/GIT Practice Labs/TestRepo/GithubDemoRepo (main)
$

vivallur@GitPracticeMach MINGW64 /f/GIT Practice Labs/TestRepo/GithubDemoRepo (main)
$ git status
On branch main
Your branch is up to date with 'origin/main'.

Untracked files:
  (use "git add <file>..." to include in what will be committed)
        start.txt

nothing added to commit but untracked files present (use "git add" to track)

vivallur@GitPracticeMach MINGW64 /f/GIT Practice Labs/TestRepo/GithubDemoRepo (main)
$ cat start.txt
Test GIT quicks tart demo

vivallur@GitPracticeMach MINGW64 /f/GIT Practice Labs/TestRepo/GithubDemoRepo (main)
$ git add start.txt
warning: in the working copy of 'start.txt', LF will be replaced by CRLF the next time Git touches it

vivallur@GitPracticeMach MINGW64 /f/GIT Practice Labs/TestRepo/GithubDemoRepo (main)
$ git status
On branch main
Your branch is up to date with 'origin/main'.

Changes to be committed:
  (use "git restore --staged <file>..." to unstage)
        new file:   start.txt


vivallur@GitPracticeMach MINGW64 /f/GIT Practice Labs/TestRepo/GithubDemoRepo (main)
$ git commit -m "Adding start text file"
[main 23397c7] Adding start text file
 1 file changed, 1 insertion(+)
 create mode 100644 start.txt

vivallur@GitPracticeMach MINGW64 /f/GIT Practice Labs/TestRepo/GithubDemoRepo (main)
$ git status
On branch main
Your branch is ahead of 'origin/main' by 1 commit.
  (use "git push" to publish your local commits)

nothing to commit, working tree clean

vivallur@GitPracticeMach MINGW64 /f/GIT Practice Labs/TestRepo/GithubDemoRepo (main)
$ git status
On branch main
Your branch is ahead of 'origin/main' by 1 commit.
  (use "git push" to publish your local commits)

Changes not staged for commit:
  (use "git add <file>..." to update what will be committed)
  (use "git restore <file>..." to discard changes in working directory)
        modified:   start.txt

no changes added to commit (use "git add" and/or "git commit -a")

vivallur@GitPracticeMach MINGW64 /f/GIT Practice Labs/TestRepo/GithubDemoRepo (main)
$ git add start.txt
warning: in the working copy of 'start.txt', LF will be replaced by CRLF the next time Git touches it

vivallur@GitPracticeMach MINGW64 /f/GIT Practice Labs/TestRepo/GithubDemoRepo (main)
$ git status
On branch main
Your branch is ahead of 'origin/main' by 1 commit.
  (use "git push" to publish your local commits)

Changes to be committed:
  (use "git restore --staged <file>..." to unstage)
        modified:   start.txt


vivallur@GitPracticeMach MINGW64 /f/GIT Practice Labs/TestRepo/GithubDemoRepo (main)
$ git commit -m "Updated start text file"
[main 59caf4f] Updated start text file
 1 file changed, 1 insertion(+)

vivallur@GitPracticeMach MINGW64 /f/GIT Practice Labs/TestRepo/GithubDemoRepo (main)
$ git status
On branch main
Your branch is ahead of 'origin/main' by 2 commits.
  (use "git push" to publish your local commits)

nothing to commit, working tree clean

vivallur@GitPracticeMach MINGW64 /f/GIT Practice Labs/TestRepo/GithubDemoRepo (main)
$ git push origin master
error: src refspec master does not match any
error: failed to push some refs to 'https://github.com/Vinodkumar-Vallur/GithubDemoRepo.git'

vivallur@GitPracticeMach MINGW64 /f/GIT Practice Labs/TestRepo/GithubDemoRepo (main)
$ git push origin main
Enumerating objects: 7, done.
Counting objects: 100% (7/7), done.
Compressing objects: 100% (5/5), done.
Writing objects: 100% (6/6), 660 bytes | 330.00 KiB/s, done.
Total 6 (delta 0), reused 0 (delta 0), pack-reused 0
To https://github.com/Vinodkumar-Vallur/GithubDemoRepo.git
   3add30c..59caf4f  main -> main

vivallur@GitPracticeMach MINGW64 /f/GIT Practice Labs/TestRepo/GithubDemoRepo (main)
$

